// Jest Snapshot v1, https://goo.gl/fbAQLP

exports[`App component renders App 1`] = `
<form
  className="UserForm"
  onSubmit={[Function]}
>
  <input
    onChange={[Function]}
    type="text"
    value="logantscott"
  />
  <button>
    Submit
  </button>
</form>
`;
